main: Query.hs:(219,1)-(231,52): Non-exhaustive patterns in function eval

